invalid pdf header: b'<html'
EOF marker not found
Parsing documents for all states...
pdfplumber error: No /Root object! - Is this really a PDF?
pypdf error: Stream has ended unexpectedly
Error fetching https://ospi.k12.wa.us/sites/default/files/2023-08/dci-arrangements-next-generation-science-standards.pdf: Client error '403 Forbidden' for url 'https://ospi.k12.wa.us/sites/default/files/2023-08/dci-arrangements-next-generation-science-standards.pdf'
For more information check: https://developer.mozilla.org/en-US/docs/Web/HTTP/Status/403
Error fetching https://ospi.k12.wa.us/sites/default/files/2023-08/topic-arrangements-next-generation-science-standards.pdf: Client error '403 Forbidden' for url 'https://ospi.k12.wa.us/sites/default/files/2023-08/topic-arrangements-next-generation-science-standards.pdf'
For more information check: https://developer.mozilla.org/en-US/docs/Web/HTTP/Status/403
Error fetching https://ospi.k12.wa.us/sites/default/files/2023-08/topic-arrangements-next-generation-science-standards.pdf: Client error '403 Forbidden' for url 'https://ospi.k12.wa.us/sites/default/files/2023-08/topic-arrangements-next-generation-science-standards.pdf'
For more information check: https://developer.mozilla.org/en-US/docs/Web/HTTP/Status/403
Error fetching https://www.nysed.gov/sites/default/files/programs/curriculum-instruction/6-8-science-learning-standards.pdf: Client error '404 Not Found' for url 'https://www.nysed.gov/sites/default/files/programs/curriculum-instruction/6-8-science-learning-standards.pdf'
For more information check: https://developer.mozilla.org/en-US/docs/Web/HTTP/Status/404
Error fetching https://www.education.ky.gov/curriculum/standards/kyacadstand/Documents/High_School_Science_Course_Standards_Documents.pdf: 
Error fetching https://www.education.ky.gov/curriculum/standards/kyacadstand/Documents/Kentucky_Academic_Standards_for_Science_2022.pdf: 
Error fetching https://www.azed.gov/sites/default/files/2018/10/Full%20Set%20of%20Standards%20K_12_%20Updated_10_19_19.pdf: Client error '403 Forbidden' for url 'https://www.azed.gov/sites/default/files/2018/10/Full%20Set%20of%20Standards%20K_12_%20Updated_10_19_19.pdf'
For more information check: https://developer.mozilla.org/en-US/docs/Web/HTTP/Status/403
Error fetching https://www.cde.state.co.us/coscience/2020cas-sc: [SSL: CERTIFICATE_VERIFY_FAILED] certificate verify failed: unable to get local issuer certificate (_ssl.c:1032)
Error fetching https://www.maine.gov/doe/sites/maine.gov.doe/files/inline-files/2019%20MLR%20Science%20and%20Engineering.docx: Client error '404 Not Found' for url 'https://www.maine.gov/doe/sites/maine.gov.doe/files/inline-files/2019%20MLR%20Science%20and%20Engineering.docx'
For more information check: https://developer.mozilla.org/en-US/docs/Web/HTTP/Status/404
Error fetching https://www.tn.gov/content/dam/tn/stateboardofeducation/documents/standards/science/New%2010-28-22%20Science%20Standards.pdf: 
Error fetching https://schools.utah.gov/curr/science/_science_/UtahSEEdStandards.pdf: 
Error fetching https://www.doe.virginia.gov/teaching-learning-assessment/k-12-standards-instruction/science/standards-of-learning: 
Error fetching https://dpi.wi.gov/sites/default/files/imce/standards/New%20pdfs/ScienceStandards2017.pdf: 
Error fetching https://education.alaska.gov/akstandards/science/science-standards-for-alaska.pdf: 
Error fetching https://www.sde.idaho.gov/wp-content/uploads/2025/09/Idaho-K-12-State-Standards-for-Science.pdf: 
Error fetching https://www.louisianabelieves.com/resources/library/k-12-science-resources: 
Error fetching https://www.mdek12.org/sites/default/files/documents/Secondary%20Ed/2018-ms_ccrs---sci_k-12_final_20171006.pdf: 
Error fetching https://dese.mo.gov/media/pdf/curr-mls-standards-sci-k-5-sboe-2016: 
Error fetching https://opi.mt.gov/Portals/182/Page%20Files/K-12%20Content%20Standards%20&%20Revision/Science/Montana-Science-Content-Standards-2016.pdf: 
Error fetching https://opi.mt.gov/Portals/182/Page%20Files/K-12%20Content%20Standards%20&%20Revision/Science/Montana-Science-Standard-Model-Curriculum-Guide-2016.pdf: 
Error fetching https://cdn.education.ne.gov/wp-content/uploads/2017/10/Nebraska_Science_Standards_Final_10_23.pdf: 
Error fetching https://www.nd.gov/dpi/sites/www/files/documents/Academic%20Support/FINAL%20ND%20Science%20Content%20Standards_rev2.12.10.19.pdf: 
Error fetching https://oklahoma.gov/content/dam/ok/en/osde/documents/services/literacy-policy-and-programs/oklahoma-academic-standards/2020-OAS-Science-Standards.pdf: 
Error fetching https://ed.sc.gov/sites/scdoe/assets/file/agency/ccr/Standards-Learning/documents/South_Carolina_Academic_Standards_and_Performance_Indicators_for_Science_2014.pdf: 
Error fetching https://doe.sd.gov/contentstandards/documents/24-SciStandards.pdf: 
Error fetching https://wvde.us/middle-secondary-learning/science/standards-and-guidance/: 
Error fetching https://edu.wyoming.gov/wp-content/uploads/2024/01/Science-Ch.-10-WYCPS.pdf: 
Error fetching https://community.ksde.org/Default.aspx?tabid=5785: 
Error fetching https://www.pa.gov/content/dam/copapwp-pagov/en/education/documents/instruction/assessment-and-accountability/pssa/assessment-anchors/k-12%20steels%20standards_2023.pdf: 
Error fetching https://www.pa.gov/content/dam/copapwp-pagov/en/stateboard/documents/regulations-and-statements/state-academic-standards/pa%20integrated%20standards%20for%20science%20environment%20ecology%20technology%20and%20engineering-%20k-5.pdf: 
Error fetching https://www.michigan.gov/-/media/Project/Websites/mde/Literacy/Content-Standards/Science-Standards.pdf: Client error '404 Not Found' for url 'https://www.michigan.gov/som/404'
For more information check: https://developer.mozilla.org/en-US/docs/Web/HTTP/Status/404
Generating JSON patch...
Generating Markdown report...

[OK] Complete!
  Patch: patches\grade_sections.json
  Report: reports\grade_sections_analysis.md
